#max_provinces = 1466
definitions = "definition.csv"
provinces = "provinces.png"
#positions = "positions.txt"
rivers = "rivers.png"
#terrain_definition = "terrain.txt"
topology = "heightmap.heightmap"
#tree_definition = "trees.bmp"
continent = "continent.txt"
adjacencies = "adjacencies.csv"
#climate = "climate.txt"
island_region = "island_region.txt"
geographical_region = "geographical_region.txt"
seasons = "seasons.txt"

#############
# SEA ZONES
#############

#Generic
sea_zones = LIST {  }

#Illiac Bay
sea_zones = RANGE { 312 322 }
sea_zones = RANGE { 369 369 }

#Hammerfell Coast
sea_zones = LIST { 323 523 525 527 528 530 531 532 538 539 }
sea_zones = RANGE { 534 536 }
sea_zones = RANGE { 541 556 }
sea_zones = RANGE { 575 580 }
sea_zones = RANGE { 774 784 }
sea_zones = LIST { 794 }

#Yokuda Coast
sea_zones = RANGE { 1952 1974 }
sea_zones = RANGE { 2564 2573 }
sea_zones = RANGE { 2575 2585 }
sea_zones = RANGE { 2587 2634 }
sea_zones = LIST { 336 340 341 345 347 353 368 524 526 529 537 540 }
sea_zones = RANGE { 349 351 }

#High Rock Coast
sea_zones = RANGE { 324 335 }
sea_zones = RANGE { 337 340 }
sea_zones = LIST { 342 343 344 346 348 352 354 355 533 }
sea_zones = RANGE { 357 365 }
sea_zones = LIST { 370 }
sea_zones = LIST { 795 }
sea_zones = RANGE { 1593 1659 }

#Skyrim Coast
sea_zones = RANGE { 366 367 }

#Cyrodiil Coast
sea_zones = RANGE { 1936 1951 }
sea_zones = LIST { 1975 }

#Summerset Coast
#most of them are in other sea zone ranges, as i reused deleted province ids -Theyn

###############
# MAJOR RIVERS
###############

#Bjoulsae River
river_provinces = RANGE { 371 373 }

#Oran River
river_provinces = LIST { 785 }

#Duafut River
river_provinces = LIST { 786 }

#Taneth River
river_provinces = LIST { 787 2642 }

#Rihad River
river_provinces = LIST { 788 2643 }

#Brena River
river_provinces = RANGE { 789 792 }

#Corbolo + Reed River
river_provinces = RANGE { 2635 2639 }

#Darkmyr Swamp/Marsh/River in Hjaalmmarch
river_provinces = LIST { 1542 }

#Fell River (Fells Run, Rivenspire)
river_provinces = LIST { 2702 }

########
# LAKES
########
lakes = LIST { 49 919 990 1054 1764 2640 }

#####################
# IMPASSABLE TERRAIN
#####################
# Can be colored by whoever owns the most of the province's neighbours.
# Blocks unit movement.
impassable_mountains = LIST { 125 }
# High Rock + Hammerfell Wastelands
impassable_mountains = RANGE { 885 891 }
impassable_mountains = RANGE { 893 918 }
impassable_mountains = RANGE { 920 937 }
impassable_mountains = RANGE { 939 958 }
# Skyrim Wastelands
impassable_mountains = RANGE { 1511 1522 }
impassable_mountains = RANGE { 1524 1532 }
impassable_mountains = RANGE { 1534 1541 }
impassable_mountains = RANGE { 1543 1554 }
impassable_mountains = RANGE { 1556 1591 }
impassable_mountains = RANGE { 1702 1707 }
# Cyrodiil Wastelands
impassable_mountains = RANGE { 2539 2563 }
# Summerset Wasteland
impassable_mountains = RANGE { 3424 3438 }
# Valenwood Wasteland
impassable_mountains = RANGE { 3488 3513 }
impassable_mountains = LIST { 892 2586 3515 }
# Elsweyr Wasteland
impassable_mountains = RANGE { 3872 3894 }

############
# WASTELAND
############
# These are actually supposed to be Wasteland:
# Cannot be colored. Blocks unit movement, used for things like Sahara desert. 
impassable_mountains = LIST { 148 149 }

# IMPASSABLE SEA ZONES
# These sea provinces cannot be crossed/sailed
impassable_seas = LIST { 48 356 2574 }

# UNUSED PROVINCES
# These provinces cause issues because they are passable land, but not part of any title.
# They are probably not visible anywhere on the map, so feel free to reuse them (after double checking that they are actually missing).
impassable_mountains = LIST { 938 1414 1523 1533 1555 }
impassable_mountains = LIST { 2576 2577 2578 2579 2581 2583 2588 2589 2590 2593 2595 2596 2597 2599 2601 2602 2605 2606 2607 2609 2613 2614 2615 2617 2618 2620 2621 2622 2624 2625 2629 2630 2631 2632 2633 }

#Forgotten Vale
#impassable_mountains = LIST { 1414 }

#Skuldafn
impassable_mountains = LIST { 1096 }