#max_provinces = 1466
definitions = "definition.csv"
provinces = "provinces.png"
#positions = "positions.txt"
rivers = "rivers.png"
#terrain_definition = "terrain.txt"
topology = "heightmap.heightmap"
#tree_definition = "trees.bmp"
continent = "continent.txt"
adjacencies = "adjacencies.csv"
#climate = "climate.txt"
island_region = "island_region.txt"
geographical_region = "geographical_region.txt"
seasons = "seasons.txt"

#############
# SEA ZONES
#############

#Generic
sea_zones = LIST { 48 }

#Illiac Bay
sea_zones = RANGE { 312 322 }
sea_zones = RANGE { 349 351 }
sea_zones = RANGE { 368 369 }

#Hammerfell Coast
sea_zones = LIST { 323 }
sea_zones = RANGE { 523 556 }
sea_zones = RANGE { 575 580 }
sea_zones = RANGE { 774 784 }
sea_zones = LIST { 794 }

#High Rock Coast
sea_zones = RANGE { 324 348 }
sea_zones = RANGE { 352 365 }
sea_zones = LIST { 370 }
sea_zones = LIST { 795 }
sea_zones = RANGE { 1593 1659 }

#Skyrim Coast
sea_zones = RANGE { 366 367 }

###############
# MAJOR RIVERS
###############

#Bjoulsae River
river_provinces = RANGE { 371 373 }

#Oran River
river_provinces = LIST { 785 }

#Duafut River
river_provinces = LIST { 786 }

#Taneth River
river_provinces = LIST { 787 }

#Rihad River
river_provinces = LIST { 788 }

#Brena River
river_provinces = RANGE { 789 792 }

########
# LAKES
########
lakes = LIST { 49 919 990 1054 }

#####################
# IMPASSABLE TERRAIN
#####################
# Can be colored by whoever owns the most of the province's neighbours.
# Blocks unit movement.
impassable_mountains = LIST { 125 }
# High Rock + Hammerfell Wastelands
impassable_mountains = RANGE { 885 918 }
impassable_mountains = RANGE { 920 958 }
# Skyrim Wastelands
impassable_mountains = RANGE { 1511 1591 }
impassable_mountains = RANGE { 1702 1707 }

############
# WASTELAND
############
# These are actually supposed to be Wasteland:
# Cannot be colored. Blocks unit movement, used for things like Sahara desert. 
impassable_mountains = LIST { 148 149 }

# IMPASSABLE SEA ZONES
# These sea provinces cannot be crossed/sailed

# UNUSED PROVINCES
# These provinces cause issues because they are passable land, but not part of any title.
# They are probably not visible anywhere on the map, so feel free to reuse them (after double checking that they are actually missing).

#Forgotten Vale
impassable_mountains = LIST { 1414 }

#Skuldafn
impassable_mountains = LIST { 1096 }